../Core/Src/main.c:87:5:main	8	static
../Core/Src/main.c:143:6:SystemClock_Config	88	static
../Core/Src/main.c:187:13:MX_ADC1_Init	24	static
../Core/Src/main.c:234:13:MX_USART1_UART_Init	8	static
../Core/Src/main.c:267:13:MX_USART2_UART_Init	8	static
../Core/Src/main.c:300:13:MX_GPIO_Init	32	static
../Core/Src/main.c:335:6:HAL_UART_RxCpltCallback	16	static
../Core/Src/main.c:351:6:command_parser_fsm	8	static
../Core/Src/main.c:372:6:uart_communiation_fsm	8	static
../Core/Src/main.c:399:6:Error_Handler	4	static,ignoring_inline_asm
